// Jest Snapshot v1, https://goo.gl/fbAQLP

exports[`render correctly 1`] = `
<div>
  <h1>
    Welcome To My App
  </h1>
</div>
`;
